
> sakura-indica-app@1.0.0 dev
> vite

Port 5173 is in use, trying another one...
Port 5174 is in use, trying another one...

  VITE v5.4.21  ready in 327 ms

  ➜  Local:   http://localhost:5175/
  ➜  Network: use --host to expose
3:38:23 AM [vite] page reload src/main.jsx
3:38:47 AM [vite] hmr update /src/App.jsx, /src/index.css, /src/components/Header.jsx, /src/pages/Dashboard.jsx, /src/pages/RegistrasiWarga.jsx, /src/components/Modals.jsx, /src/pages/KeamananLingkungan.jsx, /src/pages/Fasum.jsx, /src/pages/DKM.jsx, /src/pages/Rohani.jsx, /src/pages/Pengaturan.jsx, /src/pages/InformasiWarga.jsx, /src/pages/Marketplace.jsx, /src/pages/LayananSurat.jsx
3:38:47 AM [vite] hmr update /src/App.jsx, /src/index.css, /src/components/Header.jsx, /src/pages/Dashboard.jsx, /src/pages/RegistrasiWarga.jsx, /src3:42:43 AM [vite] vite.config.js changed, restarting server...
Re-optimizing dependencies because lockfile has changed
3:42:45 AM [vite] server restarted.
3:42:55 AM [vite] vite.config.js changed, restarting server...
3:42:56 AM [vite] server restarted.
] hmr update /src/App.jsx, /src/index.css
3:42:43 AM [vite] vite.config.js changed, restarting server...
3:42:43 AM [vite] vite.config.js changed, restarting server...
Re-optimizing dependencies because lockfile has changed
3:42:44 AM [vite] server restarted.
3:42:55 AM [vite] vite.config.js changed, restarting server...
3:42:55 AM [vite] server restarted.
